Archive member included to satisfy reference by file (symbol)

c:/program files (x86)/atmel/studio/7.0/toolchain/avr8/avr8-gnu-toolchain/bin/../lib/gcc/avr/5.4.0/avr5\libgcc.a(_divmodhi4.o)
                              APP/main.o (__divmodhi4)
c:/program files (x86)/atmel/studio/7.0/toolchain/avr8/avr8-gnu-toolchain/bin/../lib/gcc/avr/5.4.0/avr5\libgcc.a(_exit.o)
                              C:/Program Files (x86)/Atmel/Studio/7.0/Packs/atmel/ATmega_DFP/1.6.364/gcc/dev/atmega32a/avr5/crtatmega32a.o (exit)
c:/program files (x86)/atmel/studio/7.0/toolchain/avr8/avr8-gnu-toolchain/bin/../lib/gcc/avr/5.4.0/avr5\libgcc.a(_copy_data.o)
                              APP/main.o (__do_copy_data)
c:/program files (x86)/atmel/studio/7.0/toolchain/avr8/avr8-gnu-toolchain/bin/../lib/gcc/avr/5.4.0/avr5\libgcc.a(_clear_bss.o)
                              APP/main.o (__do_clear_bss)
c:/program files (x86)/atmel/studio/7.0/toolchain/avr8/avr8-gnu-toolchain/bin/../lib/gcc/avr/5.4.0/avr5\libgcc.a(_udivmodhi4.o)
                              c:/program files (x86)/atmel/studio/7.0/toolchain/avr8/avr8-gnu-toolchain/bin/../lib/gcc/avr/5.4.0/avr5\libgcc.a(_divmodhi4.o) (__udivmodhi4)

Allocating common symbols
Common symbol       size              file

arr                 0x190             Service/ComM/comM_uart.o
rx_buffer           0x32              MCAL/UART/Src/uart.o
tx_buffer           0x32              MCAL/UART/Src/uart.o

Discarded input sections

 .data          0x00000000        0x0 C:/Program Files (x86)/Atmel/Studio/7.0/Packs/atmel/ATmega_DFP/1.6.364/gcc/dev/atmega32a/avr5/crtatmega32a.o
 .bss           0x00000000        0x0 C:/Program Files (x86)/Atmel/Studio/7.0/Packs/atmel/ATmega_DFP/1.6.364/gcc/dev/atmega32a/avr5/crtatmega32a.o
 .text          0x00000000        0x0 APP/main.o
 .data          0x00000000        0x0 APP/main.o
 .bss           0x00000000        0x0 APP/main.o
 .text.rand_char
                0x00000000       0x1c APP/main.o
 .data.seed.2243
                0x00000000        0x1 APP/main.o
 .text          0x00000000        0x0 HAL/LCD/Src/lcd.o
 .data          0x00000000        0x0 HAL/LCD/Src/lcd.o
 .bss           0x00000000        0x0 HAL/LCD/Src/lcd.o
 .text          0x00000000        0x0 HAL/LCD/Src/lcd_cfg.o
 .data          0x00000000        0x0 HAL/LCD/Src/lcd_cfg.o
 .bss           0x00000000        0x0 HAL/LCD/Src/lcd_cfg.o
 .text          0x00000000        0x0 HAL/LED/Src/led.o
 .data          0x00000000        0x0 HAL/LED/Src/led.o
 .bss           0x00000000        0x0 HAL/LED/Src/led.o
 .text.led_toggle
                0x00000000       0x36 HAL/LED/Src/led.o
 .text          0x00000000        0x0 MCAL/DIO/Src/dio.o
 .data          0x00000000        0x0 MCAL/DIO/Src/dio.o
 .bss           0x00000000        0x0 MCAL/DIO/Src/dio.o
 .text.dio_vidWriteChannelGroup
                0x00000000        0x2 MCAL/DIO/Src/dio.o
 .text.dio_vidFlipChannel
                0x00000000       0x68 MCAL/DIO/Src/dio.o
 .text.dio_dioLevelReadChannel
                0x00000000       0x2c MCAL/DIO/Src/dio.o
 .text.dio_vidEnablePullUp
                0x00000000        0x2 MCAL/DIO/Src/dio.o
 .text.dio_vidWritePort
                0x00000000       0x48 MCAL/DIO/Src/dio.o
 .text.dio_vidConfigPort
                0x00000000       0x48 MCAL/DIO/Src/dio.o
 .text          0x00000000        0x0 MCAL/UART/Src/uart.o
 .data          0x00000000        0x0 MCAL/UART/Src/uart.o
 .bss           0x00000000        0x0 MCAL/UART/Src/uart.o
 .text.UART_TransmitStrPoll
                0x00000000       0x1a MCAL/UART/Src/uart.o
 .text          0x00000000        0x0 Service/ComM/comM_uart.o
 .data          0x00000000        0x0 Service/ComM/comM_uart.o
 .bss           0x00000000        0x0 Service/ComM/comM_uart.o
 .text          0x00000000        0x0 c:/program files (x86)/atmel/studio/7.0/toolchain/avr8/avr8-gnu-toolchain/bin/../lib/gcc/avr/5.4.0/avr5\libgcc.a(_divmodhi4.o)
 .data          0x00000000        0x0 c:/program files (x86)/atmel/studio/7.0/toolchain/avr8/avr8-gnu-toolchain/bin/../lib/gcc/avr/5.4.0/avr5\libgcc.a(_divmodhi4.o)
 .bss           0x00000000        0x0 c:/program files (x86)/atmel/studio/7.0/toolchain/avr8/avr8-gnu-toolchain/bin/../lib/gcc/avr/5.4.0/avr5\libgcc.a(_divmodhi4.o)
 .text.libgcc.mul
                0x00000000        0x0 c:/program files (x86)/atmel/studio/7.0/toolchain/avr8/avr8-gnu-toolchain/bin/../lib/gcc/avr/5.4.0/avr5\libgcc.a(_divmodhi4.o)
 .text.libgcc.div
                0x00000000       0x28 c:/program files (x86)/atmel/studio/7.0/toolchain/avr8/avr8-gnu-toolchain/bin/../lib/gcc/avr/5.4.0/avr5\libgcc.a(_divmodhi4.o)
 .text.libgcc   0x00000000        0x0 c:/program files (x86)/atmel/studio/7.0/toolchain/avr8/avr8-gnu-toolchain/bin/../lib/gcc/avr/5.4.0/avr5\libgcc.a(_divmodhi4.o)
 .text.libgcc.prologue
                0x00000000        0x0 c:/program files (x86)/atmel/studio/7.0/toolchain/avr8/avr8-gnu-toolchain/bin/../lib/gcc/avr/5.4.0/avr5\libgcc.a(_divmodhi4.o)
 .text.libgcc.builtins
                0x00000000        0x0 c:/program files (x86)/atmel/studio/7.0/toolchain/avr8/avr8-gnu-toolchain/bin/../lib/gcc/avr/5.4.0/avr5\libgcc.a(_divmodhi4.o)
 .text.libgcc.fmul
                0x00000000        0x0 c:/program files (x86)/atmel/studio/7.0/toolchain/avr8/avr8-gnu-toolchain/bin/../lib/gcc/avr/5.4.0/avr5\libgcc.a(_divmodhi4.o)
 .text.libgcc.fixed
                0x00000000        0x0 c:/program files (x86)/atmel/studio/7.0/toolchain/avr8/avr8-gnu-toolchain/bin/../lib/gcc/avr/5.4.0/avr5\libgcc.a(_divmodhi4.o)
 .text          0x00000000        0x0 c:/program files (x86)/atmel/studio/7.0/toolchain/avr8/avr8-gnu-toolchain/bin/../lib/gcc/avr/5.4.0/avr5\libgcc.a(_exit.o)
 .data          0x00000000        0x0 c:/program files (x86)/atmel/studio/7.0/toolchain/avr8/avr8-gnu-toolchain/bin/../lib/gcc/avr/5.4.0/avr5\libgcc.a(_exit.o)
 .bss           0x00000000        0x0 c:/program files (x86)/atmel/studio/7.0/toolchain/avr8/avr8-gnu-toolchain/bin/../lib/gcc/avr/5.4.0/avr5\libgcc.a(_exit.o)
 .text.libgcc.mul
                0x00000000        0x0 c:/program files (x86)/atmel/studio/7.0/toolchain/avr8/avr8-gnu-toolchain/bin/../lib/gcc/avr/5.4.0/avr5\libgcc.a(_exit.o)
 .text.libgcc.div
                0x00000000        0x0 c:/program files (x86)/atmel/studio/7.0/toolchain/avr8/avr8-gnu-toolchain/bin/../lib/gcc/avr/5.4.0/avr5\libgcc.a(_exit.o)
 .text.libgcc   0x00000000        0x0 c:/program files (x86)/atmel/studio/7.0/toolchain/avr8/avr8-gnu-toolchain/bin/../lib/gcc/avr/5.4.0/avr5\libgcc.a(_exit.o)
 .text.libgcc.prologue
                0x00000000        0x0 c:/program files (x86)/atmel/studio/7.0/toolchain/avr8/avr8-gnu-toolchain/bin/../lib/gcc/avr/5.4.0/avr5\libgcc.a(_exit.o)
 .text.libgcc.builtins
                0x00000000        0x0 c:/program files (x86)/atmel/studio/7.0/toolchain/avr8/avr8-gnu-toolchain/bin/../lib/gcc/avr/5.4.0/avr5\libgcc.a(_exit.o)
 .text.libgcc.fmul
                0x00000000        0x0 c:/program files (x86)/atmel/studio/7.0/toolchain/avr8/avr8-gnu-toolchain/bin/../lib/gcc/avr/5.4.0/avr5\libgcc.a(_exit.o)
 .text.libgcc.fixed
                0x00000000        0x0 c:/program files (x86)/atmel/studio/7.0/toolchain/avr8/avr8-gnu-toolchain/bin/../lib/gcc/avr/5.4.0/avr5\libgcc.a(_exit.o)
 .text          0x00000000        0x0 c:/program files (x86)/atmel/studio/7.0/toolchain/avr8/avr8-gnu-toolchain/bin/../lib/gcc/avr/5.4.0/avr5\libgcc.a(_copy_data.o)
 .data          0x00000000        0x0 c:/program files (x86)/atmel/studio/7.0/toolchain/avr8/avr8-gnu-toolchain/bin/../lib/gcc/avr/5.4.0/avr5\libgcc.a(_copy_data.o)
 .bss           0x00000000        0x0 c:/program files (x86)/atmel/studio/7.0/toolchain/avr8/avr8-gnu-toolchain/bin/../lib/gcc/avr/5.4.0/avr5\libgcc.a(_copy_data.o)
 .text.libgcc.mul
                0x00000000        0x0 c:/program files (x86)/atmel/studio/7.0/toolchain/avr8/avr8-gnu-toolchain/bin/../lib/gcc/avr/5.4.0/avr5\libgcc.a(_copy_data.o)
 .text.libgcc.div
                0x00000000        0x0 c:/program files (x86)/atmel/studio/7.0/toolchain/avr8/avr8-gnu-toolchain/bin/../lib/gcc/avr/5.4.0/avr5\libgcc.a(_copy_data.o)
 .text.libgcc   0x00000000        0x0 c:/program files (x86)/atmel/studio/7.0/toolchain/avr8/avr8-gnu-toolchain/bin/../lib/gcc/avr/5.4.0/avr5\libgcc.a(_copy_data.o)
 .text.libgcc.prologue
                0x00000000        0x0 c:/program files (x86)/atmel/studio/7.0/toolchain/avr8/avr8-gnu-toolchain/bin/../lib/gcc/avr/5.4.0/avr5\libgcc.a(_copy_data.o)
 .text.libgcc.builtins
                0x00000000        0x0 c:/program files (x86)/atmel/studio/7.0/toolchain/avr8/avr8-gnu-toolchain/bin/../lib/gcc/avr/5.4.0/avr5\libgcc.a(_copy_data.o)
 .text.libgcc.fmul
                0x00000000        0x0 c:/program files (x86)/atmel/studio/7.0/toolchain/avr8/avr8-gnu-toolchain/bin/../lib/gcc/avr/5.4.0/avr5\libgcc.a(_copy_data.o)
 .text.libgcc.fixed
                0x00000000        0x0 c:/program files (x86)/atmel/studio/7.0/toolchain/avr8/avr8-gnu-toolchain/bin/../lib/gcc/avr/5.4.0/avr5\libgcc.a(_copy_data.o)
 .text          0x00000000        0x0 c:/program files (x86)/atmel/studio/7.0/toolchain/avr8/avr8-gnu-toolchain/bin/../lib/gcc/avr/5.4.0/avr5\libgcc.a(_clear_bss.o)
 .data          0x00000000        0x0 c:/program files (x86)/atmel/studio/7.0/toolchain/avr8/avr8-gnu-toolchain/bin/../lib/gcc/avr/5.4.0/avr5\libgcc.a(_clear_bss.o)
 .bss           0x00000000        0x0 c:/program files (x86)/atmel/studio/7.0/toolchain/avr8/avr8-gnu-toolchain/bin/../lib/gcc/avr/5.4.0/avr5\libgcc.a(_clear_bss.o)
 .text.libgcc.mul
                0x00000000        0x0 c:/program files (x86)/atmel/studio/7.0/toolchain/avr8/avr8-gnu-toolchain/bin/../lib/gcc/avr/5.4.0/avr5\libgcc.a(_clear_bss.o)
 .text.libgcc.div
                0x00000000        0x0 c:/program files (x86)/atmel/studio/7.0/toolchain/avr8/avr8-gnu-toolchain/bin/../lib/gcc/avr/5.4.0/avr5\libgcc.a(_clear_bss.o)
 .text.libgcc   0x00000000        0x0 c:/program files (x86)/atmel/studio/7.0/toolchain/avr8/avr8-gnu-toolchain/bin/../lib/gcc/avr/5.4.0/avr5\libgcc.a(_clear_bss.o)
 .text.libgcc.prologue
                0x00000000        0x0 c:/program files (x86)/atmel/studio/7.0/toolchain/avr8/avr8-gnu-toolchain/bin/../lib/gcc/avr/5.4.0/avr5\libgcc.a(_clear_bss.o)
 .text.libgcc.builtins
                0x00000000        0x0 c:/program files (x86)/atmel/studio/7.0/toolchain/avr8/avr8-gnu-toolchain/bin/../lib/gcc/avr/5.4.0/avr5\libgcc.a(_clear_bss.o)
 .text.libgcc.fmul
                0x00000000        0x0 c:/program files (x86)/atmel/studio/7.0/toolchain/avr8/avr8-gnu-toolchain/bin/../lib/gcc/avr/5.4.0/avr5\libgcc.a(_clear_bss.o)
 .text.libgcc.fixed
                0x00000000        0x0 c:/program files (x86)/atmel/studio/7.0/toolchain/avr8/avr8-gnu-toolchain/bin/../lib/gcc/avr/5.4.0/avr5\libgcc.a(_clear_bss.o)
 .text          0x00000000        0x0 c:/program files (x86)/atmel/studio/7.0/toolchain/avr8/avr8-gnu-toolchain/bin/../lib/gcc/avr/5.4.0/avr5\libgcc.a(_udivmodhi4.o)
 .data          0x00000000        0x0 c:/program files (x86)/atmel/studio/7.0/toolchain/avr8/avr8-gnu-toolchain/bin/../lib/gcc/avr/5.4.0/avr5\libgcc.a(_udivmodhi4.o)
 .bss           0x00000000        0x0 c:/program files (x86)/atmel/studio/7.0/toolchain/avr8/avr8-gnu-toolchain/bin/../lib/gcc/avr/5.4.0/avr5\libgcc.a(_udivmodhi4.o)
 .text.libgcc.mul
                0x00000000        0x0 c:/program files (x86)/atmel/studio/7.0/toolchain/avr8/avr8-gnu-toolchain/bin/../lib/gcc/avr/5.4.0/avr5\libgcc.a(_udivmodhi4.o)
 .text.libgcc.div
                0x00000000       0x28 c:/program files (x86)/atmel/studio/7.0/toolchain/avr8/avr8-gnu-toolchain/bin/../lib/gcc/avr/5.4.0/avr5\libgcc.a(_udivmodhi4.o)
 .text.libgcc   0x00000000        0x0 c:/program files (x86)/atmel/studio/7.0/toolchain/avr8/avr8-gnu-toolchain/bin/../lib/gcc/avr/5.4.0/avr5\libgcc.a(_udivmodhi4.o)
 .text.libgcc.prologue
                0x00000000        0x0 c:/program files (x86)/atmel/studio/7.0/toolchain/avr8/avr8-gnu-toolchain/bin/../lib/gcc/avr/5.4.0/avr5\libgcc.a(_udivmodhi4.o)
 .text.libgcc.builtins
                0x00000000        0x0 c:/program files (x86)/atmel/studio/7.0/toolchain/avr8/avr8-gnu-toolchain/bin/../lib/gcc/avr/5.4.0/avr5\libgcc.a(_udivmodhi4.o)
 .text.libgcc.fmul
                0x00000000        0x0 c:/program files (x86)/atmel/studio/7.0/toolchain/avr8/avr8-gnu-toolchain/bin/../lib/gcc/avr/5.4.0/avr5\libgcc.a(_udivmodhi4.o)
 .text.libgcc.fixed
                0x00000000        0x0 c:/program files (x86)/atmel/studio/7.0/toolchain/avr8/avr8-gnu-toolchain/bin/../lib/gcc/avr/5.4.0/avr5\libgcc.a(_udivmodhi4.o)

Memory Configuration

Name             Origin             Length             Attributes
text             0x00000000         0x00008000         xr
data             0x00800060         0x00000800         rw !x
eeprom           0x00810000         0x00000400         rw !x
fuse             0x00820000         0x00000002         rw !x
lock             0x00830000         0x00000400         rw !x
signature        0x00840000         0x00000400         rw !x
user_signatures  0x00850000         0x00000400         rw !x
*default*        0x00000000         0xffffffff

Linker script and memory map

LOAD C:/Program Files (x86)/Atmel/Studio/7.0/Packs/atmel/ATmega_DFP/1.6.364/gcc/dev/atmega32a/avr5/crtatmega32a.o
LOAD APP/main.o
LOAD HAL/LCD/Src/lcd.o
LOAD HAL/LCD/Src/lcd_cfg.o
LOAD HAL/LED/Src/led.o
LOAD MCAL/DIO/Src/dio.o
LOAD MCAL/UART/Src/uart.o
LOAD Service/ComM/comM_uart.o
START GROUP
LOAD c:/program files (x86)/atmel/studio/7.0/toolchain/avr8/avr8-gnu-toolchain/bin/../lib/gcc/avr/5.4.0/../../../../avr/lib/avr5\libm.a
END GROUP
START GROUP
LOAD c:/program files (x86)/atmel/studio/7.0/toolchain/avr8/avr8-gnu-toolchain/bin/../lib/gcc/avr/5.4.0/avr5\libgcc.a
LOAD c:/program files (x86)/atmel/studio/7.0/toolchain/avr8/avr8-gnu-toolchain/bin/../lib/gcc/avr/5.4.0/../../../../avr/lib/avr5\libm.a
LOAD c:/program files (x86)/atmel/studio/7.0/toolchain/avr8/avr8-gnu-toolchain/bin/../lib/gcc/avr/5.4.0/../../../../avr/lib/avr5\libc.a
LOAD C:/Program Files (x86)/Atmel/Studio/7.0/Packs/atmel/ATmega_DFP/1.6.364/gcc/dev/atmega32a/avr5\libatmega32a.a
END GROUP
                [0x00000000]                __TEXT_REGION_ORIGIN__ = DEFINED (__TEXT_REGION_ORIGIN__)?__TEXT_REGION_ORIGIN__:0x0
                [0x00800060]                __DATA_REGION_ORIGIN__ = DEFINED (__DATA_REGION_ORIGIN__)?__DATA_REGION_ORIGIN__:0x800060
                [0x00008000]                __TEXT_REGION_LENGTH__ = DEFINED (__TEXT_REGION_LENGTH__)?__TEXT_REGION_LENGTH__:0x20000
                [0x00000800]                __DATA_REGION_LENGTH__ = DEFINED (__DATA_REGION_LENGTH__)?__DATA_REGION_LENGTH__:0xffa0
                [0x00000400]                __EEPROM_REGION_LENGTH__ = DEFINED (__EEPROM_REGION_LENGTH__)?__EEPROM_REGION_LENGTH__:0x10000
                [0x00000002]                __FUSE_REGION_LENGTH__ = DEFINED (__FUSE_REGION_LENGTH__)?__FUSE_REGION_LENGTH__:0x400
                0x00000400                __LOCK_REGION_LENGTH__ = DEFINED (__LOCK_REGION_LENGTH__)?__LOCK_REGION_LENGTH__:0x400
                0x00000400                __SIGNATURE_REGION_LENGTH__ = DEFINED (__SIGNATURE_REGION_LENGTH__)?__SIGNATURE_REGION_LENGTH__:0x400
                0x00000400                __USER_SIGNATURE_REGION_LENGTH__ = DEFINED (__USER_SIGNATURE_REGION_LENGTH__)?__USER_SIGNATURE_REGION_LENGTH__:0x400

.hash
 *(.hash)

.dynsym
 *(.dynsym)

.dynstr
 *(.dynstr)

.gnu.version
 *(.gnu.version)

.gnu.version_d
 *(.gnu.version_d)

.gnu.version_r
 *(.gnu.version_r)

.rel.init
 *(.rel.init)

.rela.init
 *(.rela.init)

.rel.text
 *(.rel.text)
 *(.rel.text.*)
 *(.rel.gnu.linkonce.t*)

.rela.text
 *(.rela.text)
 *(.rela.text.*)
 *(.rela.gnu.linkonce.t*)

.rel.fini
 *(.rel.fini)

.rela.fini
 *(.rela.fini)

.rel.rodata
 *(.rel.rodata)
 *(.rel.rodata.*)
 *(.rel.gnu.linkonce.r*)

.rela.rodata
 *(.rela.rodata)
 *(.rela.rodata.*)
 *(.rela.gnu.linkonce.r*)

.rel.data
 *(.rel.data)
 *(.rel.data.*)
 *(.rel.gnu.linkonce.d*)

.rela.data
 *(.rela.data)
 *(.rela.data.*)
 *(.rela.gnu.linkonce.d*)

.rel.ctors
 *(.rel.ctors)

.rela.ctors
 *(.rela.ctors)

.rel.dtors
 *(.rel.dtors)

.rela.dtors
 *(.rela.dtors)

.rel.got
 *(.rel.got)

.rela.got
 *(.rela.got)

.rel.bss
 *(.rel.bss)

.rela.bss
 *(.rela.bss)

.rel.plt
 *(.rel.plt)

.rela.plt
 *(.rela.plt)

.text           0x00000000      0x95c
 *(.vectors)
 .vectors       0x00000000       0x54 C:/Program Files (x86)/Atmel/Studio/7.0/Packs/atmel/ATmega_DFP/1.6.364/gcc/dev/atmega32a/avr5/crtatmega32a.o
                0x00000000                __vector_default
                0x00000000                __vectors
 *(.vectors)
 *(.progmem.gcc*)
                0x00000054                . = ALIGN (0x2)
                0x00000054                __trampolines_start = .
 *(.trampolines)
 .trampolines   0x00000054        0x0 linker stubs
 *(.trampolines*)
                0x00000054                __trampolines_end = .
 *libprintf_flt.a:*(.progmem.data)
 *libc.a:*(.progmem.data)
 *(.progmem*)
                0x00000054                . = ALIGN (0x2)
 *(.jumptables)
 *(.jumptables*)
 *(.lowtext)
 *(.lowtext*)
                0x00000054                __ctors_start = .
 *(.ctors)
                0x00000054                __ctors_end = .
                0x00000054                __dtors_start = .
 *(.dtors)
                0x00000054                __dtors_end = .
 SORT(*)(.ctors)
 SORT(*)(.dtors)
 *(.init0)
 .init0         0x00000054        0x0 C:/Program Files (x86)/Atmel/Studio/7.0/Packs/atmel/ATmega_DFP/1.6.364/gcc/dev/atmega32a/avr5/crtatmega32a.o
                0x00000054                __init
 *(.init0)
 *(.init1)
 *(.init1)
 *(.init2)
 .init2         0x00000054        0xc C:/Program Files (x86)/Atmel/Studio/7.0/Packs/atmel/ATmega_DFP/1.6.364/gcc/dev/atmega32a/avr5/crtatmega32a.o
 *(.init2)
 *(.init3)
 *(.init3)
 *(.init4)
 .init4         0x00000060       0x16 c:/program files (x86)/atmel/studio/7.0/toolchain/avr8/avr8-gnu-toolchain/bin/../lib/gcc/avr/5.4.0/avr5\libgcc.a(_copy_data.o)
                0x00000060                __do_copy_data
 .init4         0x00000076       0x10 c:/program files (x86)/atmel/studio/7.0/toolchain/avr8/avr8-gnu-toolchain/bin/../lib/gcc/avr/5.4.0/avr5\libgcc.a(_clear_bss.o)
                0x00000076                __do_clear_bss
 *(.init4)
 *(.init5)
 *(.init5)
 *(.init6)
 *(.init6)
 *(.init7)
 *(.init7)
 *(.init8)
 *(.init8)
 *(.init9)
 .init9         0x00000086        0x8 C:/Program Files (x86)/Atmel/Studio/7.0/Packs/atmel/ATmega_DFP/1.6.364/gcc/dev/atmega32a/avr5/crtatmega32a.o
 *(.init9)
 *(.text)
 .text          0x0000008e        0x4 C:/Program Files (x86)/Atmel/Studio/7.0/Packs/atmel/ATmega_DFP/1.6.364/gcc/dev/atmega32a/avr5/crtatmega32a.o
                0x0000008e                __vector_1
                0x0000008e                __vector_12
                0x0000008e                __bad_interrupt
                0x0000008e                __vector_6
                0x0000008e                __vector_3
                0x0000008e                __vector_11
                0x0000008e                __vector_17
                0x0000008e                __vector_19
                0x0000008e                __vector_7
                0x0000008e                __vector_5
                0x0000008e                __vector_4
                0x0000008e                __vector_9
                0x0000008e                __vector_2
                0x0000008e                __vector_8
                0x0000008e                __vector_14
                0x0000008e                __vector_10
                0x0000008e                __vector_16
                0x0000008e                __vector_18
                0x0000008e                __vector_20
                0x00000092                . = ALIGN (0x2)
 *(.text.*)
 .text.main     0x00000092      0x1a6 APP/main.o
                0x00000092                main
 .text.enablePulse
                0x00000238       0x2a HAL/LCD/Src/lcd.o
 .text.lcd_vidSendCmd
                0x00000262       0x8a HAL/LCD/Src/lcd.o
                0x00000262                lcd_vidSendCmd
 .text.lcd_vidSendData
                0x000002ec       0x8a HAL/LCD/Src/lcd.o
                0x000002ec                lcd_vidSendData
 .text.lcd_vidGotoRowColumn
                0x00000376       0x38 HAL/LCD/Src/lcd.o
                0x00000376                lcd_vidGotoRowColumn
 .text.lcd_vidDisplyChar
                0x000003ae        0x6 HAL/LCD/Src/lcd.o
                0x000003ae                lcd_vidDisplyChar
 .text.lcd_vidDisplyStr
                0x000003b4       0x1a HAL/LCD/Src/lcd.o
                0x000003b4                lcd_vidDisplyStr
 .text.lcd_vidCustomWrite
                0x000003ce       0x54 HAL/LCD/Src/lcd.o
                0x000003ce                lcd_vidCustomWrite
 .text.lcd_vidInit
                0x00000422       0x8c HAL/LCD/Src/lcd.o
                0x00000422                lcd_vidInit
 .text.led_init
                0x000004ae       0x2a HAL/LED/Src/led.o
                0x000004ae                led_init
 .text.led_on   0x000004d8       0x30 HAL/LED/Src/led.o
                0x000004d8                led_on
 .text.led_off  0x00000508       0x30 HAL/LED/Src/led.o
                0x00000508                led_off
 .text.dio_vidConfigChannel
                0x00000538       0xda MCAL/DIO/Src/dio.o
                0x00000538                dio_vidConfigChannel
 .text.dio_vidWriteChannel
                0x00000612       0xda MCAL/DIO/Src/dio.o
                0x00000612                dio_vidWriteChannel
 .text.UART_Init
                0x000006ec       0x2a MCAL/UART/Src/uart.o
                0x000006ec                UART_Init
 .text.UART_TransmitChr
                0x00000716        0x4 MCAL/UART/Src/uart.o
                0x00000716                UART_TransmitChr
 .text.UART_ReceiveChr
                0x0000071a        0x4 MCAL/UART/Src/uart.o
                0x0000071a                UART_ReceiveChr
 .text.UART_TransmitStr
                0x0000071e       0x32 MCAL/UART/Src/uart.o
                0x0000071e                UART_TransmitStr
 .text.uart_Receive_SetCallback
                0x00000750        0xa MCAL/UART/Src/uart.o
                0x00000750                uart_Receive_SetCallback
 .text.uart_Transmit_SetCallback
                0x0000075a        0xa MCAL/UART/Src/uart.o
                0x0000075a                uart_Transmit_SetCallback
 .text.__vector_15
                0x00000764       0x52 MCAL/UART/Src/uart.o
                0x00000764                __vector_15
 .text.__vector_13
                0x000007b6       0x52 MCAL/UART/Src/uart.o
                0x000007b6                __vector_13
 .text.TRANSMIT_CALLBACK
                0x00000808       0x3a Service/ComM/comM_uart.o
                0x00000808                TRANSMIT_CALLBACK
 .text.RECEIVE_CALLBACK
                0x00000842       0x4e Service/ComM/comM_uart.o
                0x00000842                RECEIVE_CALLBACK
 .text.COM_M_init
                0x00000890       0x1a Service/ComM/comM_uart.o
                0x00000890                COM_M_init
 .text.COM_M_TransmitStr
                0x000008aa       0xa8 Service/ComM/comM_uart.o
                0x000008aa                COM_M_TransmitStr
 .text.msg_isrecieved
                0x00000952        0x6 Service/ComM/comM_uart.o
                0x00000952                msg_isrecieved
                0x00000958                . = ALIGN (0x2)
 *(.fini9)
 .fini9         0x00000958        0x0 c:/program files (x86)/atmel/studio/7.0/toolchain/avr8/avr8-gnu-toolchain/bin/../lib/gcc/avr/5.4.0/avr5\libgcc.a(_exit.o)
                0x00000958                _exit
                0x00000958                exit
 *(.fini9)
 *(.fini8)
 *(.fini8)
 *(.fini7)
 *(.fini7)
 *(.fini6)
 *(.fini6)
 *(.fini5)
 *(.fini5)
 *(.fini4)
 *(.fini4)
 *(.fini3)
 *(.fini3)
 *(.fini2)
 *(.fini2)
 *(.fini1)
 *(.fini1)
 *(.fini0)
 .fini0         0x00000958        0x4 c:/program files (x86)/atmel/studio/7.0/toolchain/avr8/avr8-gnu-toolchain/bin/../lib/gcc/avr/5.4.0/avr5\libgcc.a(_exit.o)
 *(.fini0)
                0x0000095c                _etext = .

.data           0x00800060       0x7e load address 0x0000095c
                0x00800060                PROVIDE (__data_start, .)
 *(.data)
 *(.data*)
 .data.checkkeyflag
                0x00800060        0x2 APP/main.o
                0x00800060                checkkeyflag
 .data.customChar
                0x00800062       0x40 HAL/LCD/Src/lcd_cfg.o
                0x00800062                customChar
 *(.gnu.linkonce.d*)
 *(.rodata)
 *(.rodata*)
 .rodata.str1.1
                0x008000a2       0x35 APP/main.o
 .rodata.str1.1
                0x008000d7        0x6 Service/ComM/comM_uart.o
 *(.gnu.linkonce.r*)
                0x008000de                . = ALIGN (0x2)
 *fill*         0x008000dd        0x1 
                0x008000de                _edata = .
                0x008000de                PROVIDE (__data_end, .)

.bss            0x008000de      0x1ff
                0x008000de                PROVIDE (__bss_start, .)
 *(.bss)
 *(.bss*)
 .bss.secureFlag
                0x008000de        0x2 APP/main.o
                0x008000de                secureFlag
 .bss.mssg_isReceived
                0x008000e0        0x1 MCAL/UART/Src/uart.o
                0x008000e0                mssg_isReceived
 .bss.rx_index  0x008000e1        0x1 MCAL/UART/Src/uart.o
                0x008000e1                rx_index
 .bss.tx_index  0x008000e2        0x1 MCAL/UART/Src/uart.o
                0x008000e2                tx_index
 .bss.ptr_tx_callback
                0x008000e3        0x2 MCAL/UART/Src/uart.o
 .bss.ptr_rx_callback
                0x008000e5        0x2 MCAL/UART/Src/uart.o
 .bss.currnt    0x008000e7        0x1 Service/ComM/comM_uart.o
                0x008000e7                currnt
 .bss.arr_index
                0x008000e8        0x1 Service/ComM/comM_uart.o
                0x008000e8                arr_index
 *(COMMON)
 COMMON         0x008000e9       0x64 MCAL/UART/Src/uart.o
                0x008000e9                rx_buffer
                0x0080011b                tx_buffer
 COMMON         0x0080014d      0x190 Service/ComM/comM_uart.o
                0x0080014d                arr
                0x008002dd                PROVIDE (__bss_end, .)
                0x0000095c                __data_load_start = LOADADDR (.data)
                0x000009da                __data_load_end = (__data_load_start + SIZEOF (.data))

.noinit         0x008002dd        0x0
                [!provide]                PROVIDE (__noinit_start, .)
 *(.noinit*)
                [!provide]                PROVIDE (__noinit_end, .)
                0x008002dd                _end = .
                [!provide]                PROVIDE (__heap_start, .)

.eeprom         0x00810000        0x0
 *(.eeprom*)
                0x00810000                __eeprom_end = .

.fuse
 *(.fuse)
 *(.lfuse)
 *(.hfuse)
 *(.efuse)

.lock
 *(.lock*)

.signature
 *(.signature*)

.user_signatures
 *(.user_signatures*)

.stab
 *(.stab)

.stabstr
 *(.stabstr)

.stab.excl
 *(.stab.excl)

.stab.exclstr
 *(.stab.exclstr)

.stab.index
 *(.stab.index)

.stab.indexstr
 *(.stab.indexstr)

.comment        0x00000000       0x30
 *(.comment)
 .comment       0x00000000       0x30 APP/main.o
                                 0x31 (size before relaxing)
 .comment       0x00000030       0x31 HAL/LCD/Src/lcd.o
 .comment       0x00000030       0x31 HAL/LCD/Src/lcd_cfg.o
 .comment       0x00000030       0x31 HAL/LED/Src/led.o
 .comment       0x00000030       0x31 MCAL/DIO/Src/dio.o
 .comment       0x00000030       0x31 MCAL/UART/Src/uart.o
 .comment       0x00000030       0x31 Service/ComM/comM_uart.o

.note.gnu.avr.deviceinfo
                0x00000000       0x3c
 .note.gnu.avr.deviceinfo
                0x00000000       0x3c C:/Program Files (x86)/Atmel/Studio/7.0/Packs/atmel/ATmega_DFP/1.6.364/gcc/dev/atmega32a/avr5/crtatmega32a.o

.note.gnu.build-id
 *(.note.gnu.build-id)

.debug
 *(.debug)

.line
 *(.line)

.debug_srcinfo
 *(.debug_srcinfo)

.debug_sfnames
 *(.debug_sfnames)

.debug_aranges  0x00000000      0x1c8
 *(.debug_aranges)
 .debug_aranges
                0x00000000       0x28 APP/main.o
 .debug_aranges
                0x00000028       0x58 HAL/LCD/Src/lcd.o
 .debug_aranges
                0x00000080       0x18 HAL/LCD/Src/lcd_cfg.o
 .debug_aranges
                0x00000098       0x38 HAL/LED/Src/led.o
 .debug_aranges
                0x000000d0       0x58 MCAL/DIO/Src/dio.o
 .debug_aranges
                0x00000128       0x60 MCAL/UART/Src/uart.o
 .debug_aranges
                0x00000188       0x40 Service/ComM/comM_uart.o

.debug_pubnames
 *(.debug_pubnames)

.debug_info     0x00000000     0x1d9b
 *(.debug_info .gnu.linkonce.wi.*)
 .debug_info    0x00000000      0x4e6 C:/Program Files (x86)/Atmel/Studio/7.0/Packs/atmel/ATmega_DFP/1.6.364/gcc/dev/atmega32a/avr5/crtatmega32a.o
 .debug_info    0x000004e6      0x41f APP/main.o
 .debug_info    0x00000905      0x90d HAL/LCD/Src/lcd.o
 .debug_info    0x00001212       0x8f HAL/LCD/Src/lcd_cfg.o
 .debug_info    0x000012a1      0x22c HAL/LED/Src/led.o
 .debug_info    0x000014cd      0x31c MCAL/DIO/Src/dio.o
 .debug_info    0x000017e9      0x2d1 MCAL/UART/Src/uart.o
 .debug_info    0x00001aba      0x2e1 Service/ComM/comM_uart.o

.debug_abbrev   0x00000000      0xcae
 *(.debug_abbrev)
 .debug_abbrev  0x00000000      0x4a3 C:/Program Files (x86)/Atmel/Studio/7.0/Packs/atmel/ATmega_DFP/1.6.364/gcc/dev/atmega32a/avr5/crtatmega32a.o
 .debug_abbrev  0x000004a3      0x163 APP/main.o
 .debug_abbrev  0x00000606      0x1ca HAL/LCD/Src/lcd.o
 .debug_abbrev  0x000007d0       0x4b HAL/LCD/Src/lcd_cfg.o
 .debug_abbrev  0x0000081b       0xca HAL/LED/Src/led.o
 .debug_abbrev  0x000008e5      0x106 MCAL/DIO/Src/dio.o
 .debug_abbrev  0x000009eb      0x154 MCAL/UART/Src/uart.o
 .debug_abbrev  0x00000b3f      0x16f Service/ComM/comM_uart.o

.debug_line     0x00000000     0x1520
 *(.debug_line .debug_line.* .debug_line_end)
 .debug_line    0x00000000      0x116 C:/Program Files (x86)/Atmel/Studio/7.0/Packs/atmel/ATmega_DFP/1.6.364/gcc/dev/atmega32a/avr5/crtatmega32a.o
 .debug_line    0x00000116      0x3e7 APP/main.o
 .debug_line    0x000004fd      0x4e6 HAL/LCD/Src/lcd.o
 .debug_line    0x000009e3       0xb8 HAL/LCD/Src/lcd_cfg.o
 .debug_line    0x00000a9b      0x2bd HAL/LED/Src/led.o
 .debug_line    0x00000d58      0x359 MCAL/DIO/Src/dio.o
 .debug_line    0x000010b1      0x208 MCAL/UART/Src/uart.o
 .debug_line    0x000012b9      0x267 Service/ComM/comM_uart.o

.debug_frame    0x00000000      0x3a4
 *(.debug_frame)
 .debug_frame   0x00000000       0x44 APP/main.o
 .debug_frame   0x00000044       0xc4 HAL/LCD/Src/lcd.o
 .debug_frame   0x00000108       0x54 HAL/LED/Src/led.o
 .debug_frame   0x0000015c       0x94 MCAL/DIO/Src/dio.o
 .debug_frame   0x000001f0      0x140 MCAL/UART/Src/uart.o
 .debug_frame   0x00000330       0x74 Service/ComM/comM_uart.o

.debug_str      0x00000000      0x92a
 *(.debug_str)
 .debug_str     0x00000000      0x196 C:/Program Files (x86)/Atmel/Studio/7.0/Packs/atmel/ATmega_DFP/1.6.364/gcc/dev/atmega32a/avr5/crtatmega32a.o
 .debug_str     0x00000196      0x363 APP/main.o
                                0x39c (size before relaxing)
 .debug_str     0x000004f9      0x19c HAL/LCD/Src/lcd.o
                                0x45b (size before relaxing)
 .debug_str     0x00000695       0x19 HAL/LCD/Src/lcd_cfg.o
                                0x1ac (size before relaxing)
 .debug_str     0x000006ae       0x2f HAL/LED/Src/led.o
                                0x27e (size before relaxing)
 .debug_str     0x000006dd       0xf2 MCAL/DIO/Src/dio.o
                                0x328 (size before relaxing)
 .debug_str     0x000007cf      0x102 MCAL/UART/Src/uart.o
                                0x2f3 (size before relaxing)
 .debug_str     0x000008d1       0x59 Service/ComM/comM_uart.o
                                0x2f2 (size before relaxing)

.debug_loc      0x00000000      0xc87
 *(.debug_loc)
 .debug_loc     0x00000000       0xcc APP/main.o
 .debug_loc     0x000000cc      0x3f5 HAL/LCD/Src/lcd.o
 .debug_loc     0x000004c1      0x144 HAL/LED/Src/led.o
 .debug_loc     0x00000605      0x354 MCAL/DIO/Src/dio.o
 .debug_loc     0x00000959      0x268 MCAL/UART/Src/uart.o
 .debug_loc     0x00000bc1       0xc6 Service/ComM/comM_uart.o

.debug_macinfo
 *(.debug_macinfo)

.debug_weaknames
 *(.debug_weaknames)

.debug_funcnames
 *(.debug_funcnames)

.debug_typenames
 *(.debug_typenames)

.debug_varnames
 *(.debug_varnames)

.debug_pubtypes
 *(.debug_pubtypes)

.debug_ranges   0x00000000      0x180
 *(.debug_ranges)
 .debug_ranges  0x00000000       0x48 APP/main.o
 .debug_ranges  0x00000048       0x48 HAL/LCD/Src/lcd.o
 .debug_ranges  0x00000090       0x28 HAL/LED/Src/led.o
 .debug_ranges  0x000000b8       0x48 MCAL/DIO/Src/dio.o
 .debug_ranges  0x00000100       0x50 MCAL/UART/Src/uart.o
 .debug_ranges  0x00000150       0x30 Service/ComM/comM_uart.o

.debug_macro
 *(.debug_macro)
OUTPUT(Secure_Diagnostics_LCD_UART.elf elf32-avr)
LOAD linker stubs
